
> crowd-navigation-lab@1.0.0 verify
> npm run typecheck && npm run test:run && npm run build


> crowd-navigation-lab@1.0.0 typecheck
> tsc -b --pretty false


> crowd-navigation-lab@1.0.0 test:run
> vitest run


 RUN  v3.2.7 E:/Project/game-algorithm-lab/Navigation/Crowd

 ✓ tests/unit/math.test.ts (3 tests) 4ms
 ✓ tests/unit/spatial-hash.test.ts (3 tests) 4ms
 ✓ tests/unit/crowd-field.test.ts (4 tests) 5ms
 ✓ tests/unit/frame-trace.test.ts (1 test) 3ms
 ✓ tests/unit/fixed-clock.test.ts (11 tests) 5ms
 ✓ tests/unit/obstacle-collision.test.ts (12 tests) 7ms
 ✓ tests/unit/static-free-space.test.ts (1 test) 18ms
 ✓ tests/unit/flow-field.test.ts (10 tests) 32ms
 ✓ tests/unit/static-obstacle-index.test.ts (2 tests) 68ms
 ✓ tests/unit/flow-witness.test.ts (1 test) 227ms
 ✓ tests/unit/lab-results.test.ts (8 tests) 38ms
 ✓ tests/simulation/lab-registry.test.ts (2 tests) 77ms
 ✓ tests/unit/crowd-continuity-metrics.test.ts (2 tests) 83ms
 ✓ tests/unit/agent-state.test.ts (5 tests) 85ms
 ✓ tests/unit/canvas-renderer.test.ts (2 tests) 101ms
 ✓ tests/simulation/turning.test.ts (2 tests) 137ms
 ✓ tests/unit/particle-repair.test.ts (10 tests) 287ms
 ✓ tests/unit/crowd-flow-solver.test.ts (8 tests) 490ms
   ✓ reuses transfer buffers without stale entries through walls, signed headings, partial weights and growth  453ms
 ❯ tests/simulation/legacy-baseline.test.ts (3 tests | 3 failed) 362ms
   × legacy movement-turn baseline > preserves 'open' movement, re-command and reset 176ms
     → expected 'ee75635d' to be '448364e5' // Object.is equality
   × legacy movement-turn baseline > preserves 'corners' movement, re-command and reset 111ms
     → expected '0551df9d' to be '9f4d2c16' // Object.is equality
   × legacy movement-turn baseline > preserves 'mixed sizes at corners' movement, re-command and reset 74ms
     → expected 'a2887663' to be '988a1868' // Object.is equality
 ✓ tests/unit/map-document.test.ts (16 tests) 694ms
   ✓ custom map documents > runs a reimported custom map through the same deterministic bounded solver  571ms
 ✓ tests/simulation/exact-cache-equivalence.test.ts (1 test) 707ms
   ✓ matches exhaustive geometry through mixed radii, forces and geometry/goal edits  706ms
 ✓ tests/simulation/mixed-sizes.test.ts (9 tests) 2228ms
   ✓ mixed body sizes > uses the common FlowField policy and moves both sizes safely in open-field  531ms
   ✓ mixed body sizes > uses the common FlowField policy and moves both sizes safely in obstacle-field  735ms
   ✓ mixed body sizes > uses the common FlowField policy and moves both sizes safely in four-way-merge  677ms
 ✓ tests/simulation/external-influences.test.ts (38 tests) 2377ms
   ✓ external inputs through ordinary crowd movement > consumes a blast immediately while motion keeps using ordinary contacts  541ms
   ✓ external inputs through ordinary crowd movement > preserves a full session history, rejects overflow atomically, and releases it on reset  690ms
 ✓ tests/behavior/multi-flow.test.ts (7 tests) 11610ms
   ✓ opt-in legacy dynamic multi-flow scenarios > keeps both streams moving in merge-500-500  903ms
   ✓ opt-in legacy dynamic multi-flow scenarios > keeps both streams moving in crossing-500-500  851ms
   ✓ opt-in legacy dynamic multi-flow scenarios > replays independent flow goals with the same state hash  428ms
   ✓ opt-in legacy dynamic multi-flow scenarios > increases alternate-gate use after the initially favored equal gate becomes congested  5850ms
   ✓ opt-in legacy dynamic multi-flow scenarios > uses both declared routes without wall penetration in different-capacity-gates  1190ms
   ✓ opt-in legacy dynamic multi-flow scenarios > uses both declared routes without wall penetration in merge-then-split  1219ms
   ✓ opt-in legacy dynamic multi-flow scenarios > uses both declared routes without wall penetration in opposing-occupied-corridor  1167ms
 ✓ tests/simulation/static-index-equivalence.test.ts (4 tests) 11764ms
   ✓ indexed static queries preserve exhaustive movement > rocky-pass scale=1 large=0 matches every sampled state and metrics  3149ms
   ✓ indexed static queries preserve exhaustive movement > rocky-pass scale=3.1622776601683795 large=25 matches every sampled state and metrics  7267ms
   ✓ indexed static queries preserve exhaustive movement > funnel-bypass scale=1 large=25 matches every sampled state and metrics  826ms
   ✓ indexed static queries preserve exhaustive movement > winding-corners scale=1 large=0 matches every sampled state and metrics  520ms
 ❯ tests/simulation/crowd-field-steering.test.ts (11 tests | 1 failed) 12858ms
   ✓ CrowdField steering and quality instrumentation > updates crowd samples every step but rebuilds dynamic flow at the configured cadence 103ms
   ✓ CrowdField steering and quality instrumentation > moves a dense merge crowd into the shared gate without curling behind its spawn  737ms
   ✓ CrowdField steering and quality instrumentation > bounds dense detours with the same progress policy regardless of obstacle and flow counts 12ms
   ✓ CrowdField steering and quality instrumentation > measures 4,990/5,000/5,010 field quality in open-field  1082ms
   ✓ CrowdField steering and quality instrumentation > measures 4,990/5,000/5,010 field quality in dense-spawn  1810ms
   ✓ CrowdField steering and quality instrumentation > measures 4,990/5,000/5,010 field quality in obstacle-field  1567ms
   ✓ CrowdField steering and quality instrumentation > calculates the same bounded quality snapshot for the same replay 126ms
   ✓ CrowdField steering and quality instrumentation > changes low-density Open Field goal progress by less than five percent 120ms
   × CrowdField steering and quality instrumentation > combines field pressure with bounded XPBD work in a completely overlapping crowd 3818ms
     → expected 71424 to be greater than or equal to 72000
   ✓ CrowdField steering and quality instrumentation > does not increase Dense Spawn density or penetration with fixed routing  2628ms
   ✓ CrowdField steering and quality instrumentation > does not average opposing flows into a global stop  852ms
 ✓ tests/behavior/concept-scenarios.test.ts (8 tests) 19553ms
   ✓ sketch concept scenarios through the shared navigation pipeline > spawns the full default population on reachable cells and replays winding-corners  1065ms
   ✓ sketch concept scenarios through the shared navigation pipeline > spawns the full default population on reachable cells and replays funnel-bypass  745ms
   ✓ sketch concept scenarios through the shared navigation pipeline > spawns the full default population on reachable cells and replays four-way-merge  780ms
   ✓ sketch concept scenarios through the shared navigation pipeline > spawns the full default population on reachable cells and replays rocky-pass  1095ms
   ✓ sketch concept scenarios through the shared navigation pipeline > takes all three alternating corners and reaches the far exit  6582ms
   ✓ sketch concept scenarios through the shared navigation pipeline > can opt into legacy congestion routing for the wider-bypass comparison  6409ms
   ✓ sketch concept scenarios through the shared navigation pipeline > merges four equally sized inlets toward one goal without starving an inlet  2865ms
 ✓ tests/simulation/movement-v2.test.ts (14 tests) 23119ms
   ✓ single crowd movement pipeline > keeps identical bounded contact budgets across former population tier boundaries  317ms
   ✓ single crowd movement pipeline > keeps a 1000-agent hot path finite and spatially bounded  725ms
   ✓ single crowd movement pipeline > keeps a completely overlapping 10000-agent crowd moving under fixed work  4130ms
   ✓ single crowd movement pipeline > moves 10000 XPBD-contact agents through obstacle gates with bounded work  14426ms
   ✓ single crowd movement pipeline > keeps the 4990/5000/5010 boundary on one continuous contact model  824ms
   ✓ single crowd movement pipeline > maintains useful obstacle-gate throughput with congestion routing and bounded compression  2094ms
 ✓ tests/simulation/displaced-navigation.test.ts (11 tests) 39724ms
   ✓ navigation after contact displacement > clears all winding walls at speed 68 with a saturated spawn  12966ms
   ✓ navigation after contact displacement > clears all winding walls at speed 86 with a saturated spawn  9082ms
   ✓ navigation after contact displacement > clears 깔때기V2 with 10% large bodies without leaving a body at a corner  8667ms
   ✓ navigation after contact displacement > clears 깔때기V2 with 20% large bodies without leaving a body at a corner  8722ms

⎯⎯⎯⎯⎯⎯⎯ Failed Tests 4 ⎯⎯⎯⎯⎯⎯⎯

 FAIL  tests/simulation/crowd-field-steering.test.ts > CrowdField steering and quality instrumentation > combines field pressure with bounded XPBD work in a completely overlapping crowd
AssertionError: expected 71424 to be greater than or equal to 72000
 ❯ tests/simulation/crowd-field-steering.test.ts:258:34
    256|     // Cell-quantized coverage can tie when contacts already disperse …
    257|     // pressure must still reduce density without worsening penetratio…
    258|     expect(steered.occupiedArea).toBeGreaterThanOrEqual(unsteered.occu…
       |                                  ^
    259|     expect(steered.densityP95).toBeLessThanOrEqual(unsteered.densityP9…
    260|     expect(steered.penetrationP95).toBeLessThanOrEqual(unsteered.penet…

⎯⎯⎯⎯⎯⎯⎯⎯⎯⎯⎯⎯⎯⎯⎯⎯⎯⎯⎯⎯⎯⎯⎯⎯[1/4]⎯

 FAIL  tests/simulation/legacy-baseline.test.ts > legacy movement-turn baseline > preserves 'open' movement, re-command and reset
AssertionError: expected 'ee75635d' to be '448364e5' // Object.is equality

Expected: "448364e5"
Received: "ee75635d"

 ❯ tests/simulation/legacy-baseline.test.ts:32:36
     30| 
     31|     for (let step = 0; step < 120; step++) simulation.step();
     32|     expect(simulation.stateHash()).toBe(baseline.step120);
       |                                    ^
     33| 
     34|     simulation.setGoal(100, 360);

⎯⎯⎯⎯⎯⎯⎯⎯⎯⎯⎯⎯⎯⎯⎯⎯⎯⎯⎯⎯⎯⎯⎯⎯[2/4]⎯

 FAIL  tests/simulation/legacy-baseline.test.ts > legacy movement-turn baseline > preserves 'corners' movement, re-command and reset
AssertionError: expected '0551df9d' to be '9f4d2c16' // Object.is equality

Expected: "9f4d2c16"
Received: "0551df9d"

 ❯ tests/simulation/legacy-baseline.test.ts:32:36
     30| 
     31|     for (let step = 0; step < 120; step++) simulation.step();
     32|     expect(simulation.stateHash()).toBe(baseline.step120);
       |                                    ^
     33| 
     34|     simulation.setGoal(100, 360);

⎯⎯⎯⎯⎯⎯⎯⎯⎯⎯⎯⎯⎯⎯⎯⎯⎯⎯⎯⎯⎯⎯⎯⎯[3/4]⎯

 FAIL  tests/simulation/legacy-baseline.test.ts > legacy movement-turn baseline > preserves 'mixed sizes at corners' movement, re-command and reset
AssertionError: expected 'a2887663' to be '988a1868' // Object.is equality

Expected: "988a1868"
Received: "a2887663"

 ❯ tests/simulation/legacy-baseline.test.ts:32:36
     30| 
     31|     for (let step = 0; step < 120; step++) simulation.step();
     32|     expect(simulation.stateHash()).toBe(baseline.step120);
       |                                    ^
     33| 
     34|     simulation.setGoal(100, 360);

⎯⎯⎯⎯⎯⎯⎯⎯⎯⎯⎯⎯⎯⎯⎯⎯⎯⎯⎯⎯⎯⎯⎯⎯[4/4]⎯


 Test Files  2 failed | 27 passed (29)
      Tests  4 failed | 205 passed (209)
   Start at  14:22:36
   Duration  40.56s (transform 2.20s, setup 0ms, collect 8.94s, tests 126.67s, environment 5ms, prepare 4.65s)

