{
  "checks": {
    "verify": "225 tests / 33 files, typecheck and production build passed",
    "browser": "35 passed",
    "qualityMatrixPass": true,
    "browserQualityPass": true,
    "partialQualityPass": true
  },
  "noForce": [
    {
      "scene": "open-field",
      "count": 1000,
      "before": 1.1667999999999665,
      "after": 1.2250999999999976,
      "ratio": 1.049965718203662,
      "within110Percent": true
    },
    {
      "scene": "open-field",
      "count": 10000,
      "before": 13.436900000000605,
      "after": 13.789600000000064,
      "ratio": 1.0262486138915556,
      "within110Percent": true
    },
    {
      "scene": "open-field",
      "count": 20000,
      "before": 24.853699999999662,
      "after": 26.420799999999872,
      "ratio": 1.0630529860745173,
      "within110Percent": true
    },
    {
      "scene": "rocky-pass",
      "count": 1000,
      "before": 2.4405000000001564,
      "after": 2.685299999999984,
      "ratio": 1.1003073140749076,
      "within110Percent": false
    },
    {
      "scene": "rocky-pass",
      "count": 10000,
      "before": 17.834100000000035,
      "after": 19.635600000000522,
      "ratio": 1.1010143489158681,
      "within110Percent": false
    },
    {
      "scene": "rocky-pass",
      "count": 20000,
      "before": 36.11800000000039,
      "after": 37.45980000000054,
      "ratio": 1.0371504512985252,
      "within110Percent": true
    }
  ],
  "core": [
    {
      "condition": "rocky-pass/6000/blast/42",
      "before": {
        "repeats": 3,
        "cpuP50": 13.53499999968335,
        "cpuP95": 17.459999999962747,
        "cpuP99": 20.709999999962747,
        "cpuMax": 57.63499999977648,
        "rafP50": 16.664999999999964,
        "rafP95": 16.670000000000073,
        "rafP99": 33.32999999999993,
        "rafMax": 50,
        "stepP95": 16.50499999988824,
        "simWall": 0.9821288373923017,
        "inputLatencyMax": 63.265000000130385,
        "over100ms": 0,
        "droppedMax": 0,
        "clampedMax": 0,
        "debtMax": 0.1332966666666669,
        "memoryMax": 27304272,
        "workerFailures": 0,
        "minimumActive": 6000
      },
      "after": {
        "repeats": 3,
        "cpuP50": 22.700000000186265,
        "cpuP95": 31.40000000037253,
        "cpuP99": 36.59999999962747,
        "cpuMax": 86.5,
        "rafP50": 33.200000000000045,
        "rafP95": 33.40000000000009,
        "rafP99": 49.90000000000009,
        "rafMax": 83.30000000000007,
        "stepP95": 30.700000000186265,
        "simWall": 0.648938226603706,
        "inputLatencyMax": 94.5,
        "over100ms": 0,
        "droppedMax": 2.766366666666679,
        "clampedMax": 0,
        "debtMax": 0.23333333333333334,
        "memoryMax": 12181368,
        "workerFailures": 0,
        "minimumActive": 6000
      },
      "sameHashes": true
    },
    {
      "condition": "rocky-pass/6000/blast-repeat/42",
      "before": {
        "repeats": 3,
        "cpuP50": 13.674999999813735,
        "cpuP95": 17.959999999962747,
        "cpuP99": 20.37999999988824,
        "cpuMax": 58.18000000016764,
        "rafP50": 16.664999999999964,
        "rafP95": 16.670000000000073,
        "rafP99": 33.33499999999992,
        "rafMax": 50,
        "stepP95": 17.21999999973923,
        "simWall": 0.9792068840922634,
        "inputLatencyMax": 63.920000000391155,
        "over100ms": 0,
        "droppedMax": 0,
        "clampedMax": 0,
        "debtMax": 0.1664583333333345,
        "memoryMax": 27304272,
        "workerFailures": 0,
        "minimumActive": 6000
      },
      "after": {
        "repeats": 3,
        "cpuP50": 23.09999999962747,
        "cpuP95": 33.39999999944121,
        "cpuP99": 39.19999999925494,
        "cpuMax": 88.59999999962747,
        "rafP50": 33.29999999999927,
        "rafP95": 33.400000000000546,
        "rafP99": 50,
        "rafMax": 83.40000000000009,
        "stepP95": 32.59999999962747,
        "simWall": 0.6207711147086904,
        "inputLatencyMax": 95.79999999981374,
        "over100ms": 0,
        "droppedMax": 3.166333333333347,
        "clampedMax": 0,
        "debtMax": 0.23333333333333334,
        "memoryMax": 12181368,
        "workerFailures": 0,
        "minimumActive": 6000
      },
      "sameHashes": true
    },
    {
      "condition": "rocky-pass/10000/blast/42",
      "before": {
        "repeats": 3,
        "cpuP50": 21.43500000005588,
        "cpuP95": 29.570000000298023,
        "cpuP99": 36.02999999979511,
        "cpuMax": 87.41500000003725,
        "rafP50": 16.670000000000073,
        "rafP95": 33.335000000000036,
        "rafP99": 50,
        "rafMax": 99.995,
        "stepP95": 28.334999999962747,
        "simWall": 0.6742071303654286,
        "inputLatencyMax": 89.97999999998137,
        "over100ms": 0,
        "droppedMax": 2.5663166666666766,
        "clampedMax": 0,
        "debtMax": 0.23333333333333334,
        "memoryMax": 48236752,
        "workerFailures": 0,
        "minimumActive": 10000
      },
      "after": {
        "repeats": 3,
        "cpuP50": 37.299999999813735,
        "cpuP95": 54.39999999944121,
        "cpuP99": 67.90000000037253,
        "cpuMax": 148.09999999962747,
        "rafP50": 33.400000000000546,
        "rafP95": 50.100000000000364,
        "rafP99": 66.70000000000073,
        "rafMax": 150,
        "stepP95": 53.200000000186265,
        "simWall": 0.3973573921760451,
        "inputLatencyMax": 151.70000000018626,
        "over100ms": 3,
        "droppedMax": 8.216166666666679,
        "clampedMax": 0,
        "debtMax": 0.23333333333333334,
        "memoryMax": 17590136,
        "workerFailures": 0,
        "minimumActive": 10000
      },
      "sameHashes": true
    },
    {
      "condition": "rocky-pass/10000/blast-repeat/42",
      "before": {
        "repeats": 3,
        "cpuP50": 22.104999999981374,
        "cpuP95": 28.415000000037253,
        "cpuP99": 36.889999999664724,
        "cpuMax": 88.37999999988824,
        "rafP50": 33.32499999999891,
        "rafP95": 33.335000000000036,
        "rafP99": 33.340000000000146,
        "rafMax": 99.995,
        "stepP95": 27.12000000011176,
        "simWall": 0.659344931791869,
        "inputLatencyMax": 90.8000000002794,
        "over100ms": 0,
        "droppedMax": 2.7829733333333455,
        "clampedMax": 0,
        "debtMax": 0.23333333333333334,
        "memoryMax": 48236752,
        "workerFailures": 0,
        "minimumActive": 10000
      },
      "after": {
        "repeats": 3,
        "cpuP50": 39.59999999962747,
        "cpuP95": 53.700000000186265,
        "cpuP99": 67.5,
        "cpuMax": 147.5,
        "rafP50": 49.899999999999636,
        "rafP95": 66.59999999999991,
        "rafP99": 66.70000000000073,
        "rafMax": 150.10000000000002,
        "stepP95": 52.30000000074506,
        "simWall": 0.38890543805646577,
        "inputLatencyMax": 150.79999999981374,
        "over100ms": 3,
        "droppedMax": 8.599366666666665,
        "clampedMax": 0,
        "debtMax": 0.23333333333333334,
        "memoryMax": 17590136,
        "workerFailures": 0,
        "minimumActive": 10000
      },
      "sameHashes": true
    }
  ],
  "contention": [
    {
      "condition": "rocky-pass/6000/blast/42",
      "before": {
        "repeats": 3,
        "cpuP50": 28.46999999973923,
        "cpuP95": 70.71499999985099,
        "cpuP99": 9730.419999999925,
        "cpuMax": 56764.610000000335,
        "rafP50": 33.330000000001746,
        "rafP95": 66.66999999999825,
        "rafP99": 9732.950000000004,
        "rafMax": 56764.395,
        "stepP95": 69.63999999966472,
        "simWall": 0.03473332406489733,
        "inputLatencyMax": 56770.52499999944,
        "over100ms": 9,
        "droppedMax": 3.0164433333333456,
        "clampedMax": 65.99734000000001,
        "debtMax": 0.23333333333333334,
        "memoryMax": 13448464,
        "workerFailures": 3,
        "minimumActive": 6000
      },
      "after": {
        "repeats": 3,
        "cpuP50": 23.299999999813735,
        "cpuP95": 33.299999999813735,
        "cpuP99": 42.40000000037253,
        "cpuMax": 98.79999999981374,
        "rafP50": 33.29999999999973,
        "rafP95": 33.40000000000009,
        "rafP99": 50,
        "rafMax": 100,
        "stepP95": 32.59999999962747,
        "simWall": 0.6260925104208687,
        "inputLatencyMax": 105,
        "over100ms": 0,
        "droppedMax": 1.3664666666666712,
        "clampedMax": 0,
        "debtMax": 0.23333333333333334,
        "memoryMax": 12181368,
        "workerFailures": 0,
        "minimumActive": 6000
      },
      "sameHashes": true
    }
  ],
  "quality": [
    {
      "condition": "rocky-pass/6000/blast/42",
      "completed": 660,
      "failure": null,
      "active": 6000,
      "penetration": 0.4499948828756244,
      "proxyPenetration": 0,
      "walls": 0,
      "nonfinite": 0,
      "unresolved": 0
    },
    {
      "condition": "rocky-pass/6000/blast-repeat/42",
      "completed": 660,
      "failure": null,
      "active": 6000,
      "penetration": 0.44999337666212025,
      "proxyPenetration": 0,
      "walls": 0,
      "nonfinite": 0,
      "unresolved": 0
    },
    {
      "condition": "rocky-pass/6000/blast/7",
      "completed": 660,
      "failure": null,
      "active": 6000,
      "penetration": 0.4499977244612072,
      "proxyPenetration": 0,
      "walls": 0,
      "nonfinite": 0,
      "unresolved": 0
    },
    {
      "condition": "rocky-pass/6000/blast-repeat/7",
      "completed": 660,
      "failure": null,
      "active": 6000,
      "penetration": 0.44999711567491296,
      "proxyPenetration": 0,
      "walls": 0,
      "nonfinite": 0,
      "unresolved": 0
    },
    {
      "condition": "rocky-pass/10000/blast/42",
      "completed": 660,
      "failure": null,
      "active": 10000,
      "penetration": 0.4499974370247086,
      "proxyPenetration": 0,
      "walls": 0,
      "nonfinite": 0,
      "unresolved": 0
    },
    {
      "condition": "rocky-pass/10000/blast-repeat/42",
      "completed": 660,
      "failure": null,
      "active": 10000,
      "penetration": 0.44999861691278564,
      "proxyPenetration": 0,
      "walls": 0,
      "nonfinite": 0,
      "unresolved": 0
    },
    {
      "condition": "rocky-pass/10000/blast/7",
      "completed": 660,
      "failure": null,
      "active": 10000,
      "penetration": 0.44999876762570334,
      "proxyPenetration": 0,
      "walls": 0,
      "nonfinite": 0,
      "unresolved": 0
    },
    {
      "condition": "rocky-pass/10000/blast-repeat/7",
      "completed": 660,
      "failure": null,
      "active": 10000,
      "penetration": 0.4499970736464478,
      "proxyPenetration": 0,
      "walls": 0,
      "nonfinite": 0,
      "unresolved": 0
    }
  ],
  "exact": {
    "bytes": 858000000,
    "warm": 55224030,
    "mismatches": 0
  }
}
